MPLINK 4.35, Linker
Linker Map File - Created Sat Oct 09 18:19:37 2010

                                 Section Info
                  Section       Type    Address   Location Size(Bytes)
                ---------  ---------  ---------  ---------  ---------
                   .org_0       code   0x000000    program   0x000000
                   .org_2       code   0x000000    program   0x000008
                   .org_3       code   0x000008    program   0x00009a
                   .org_1       code   0x000800    program   0x000100



                              Program Memory Usage 
                               Start         End      
                           ---------   ---------      
                            0x000000    0x0000a1      
                            0x000800    0x0008ff      
            418 out of 32770 program addresses used, program memory utilization is 1%



                              Symbols - Sorted by Name
                     Name    Address   Location    Storage File                     
                ---------  ---------  ---------  --------- ---------                
              END_STRING1   0x00085a    program     static C:\Users\George\Documents\HW_Source\PIC18\CardPOV\1.4\pov_table.inc
              END_STRING2   0x0008be    program     static C:\Users\George\Documents\HW_Source\PIC18\CardPOV\1.4\pov_table.inc
              END_STRING3   0x000900    program     static C:\Users\George\Documents\HW_Source\PIC18\CardPOV\1.4\pov_table.inc
                END_TABLE   0x00080e    program     static C:\Users\George\Documents\HW_Source\PIC18\CardPOV\1.4\pov_table.inc
                EXIT_TMR0   0x000034    program     static C:\Users\George\Documents\HW_Source\PIC18\CardPOV\1.4\cardpov1_4.asm
               INITIALIZE   0x000036    program     static C:\Users\George\Documents\HW_Source\PIC18\CardPOV\1.4\cardpov1_4.asm
                INTERRUPT   0x000008    program     static C:\Users\George\Documents\HW_Source\PIC18\CardPOV\1.4\cardpov1_4.asm
                     MAIN   0x00006a    program     static C:\Users\George\Documents\HW_Source\PIC18\CardPOV\1.4\cardpov1_4.asm
                    MAIN2   0x00007a    program     static C:\Users\George\Documents\HW_Source\PIC18\CardPOV\1.4\cardpov1_4.asm
               NO_BUTTON1   0x000026    program     static C:\Users\George\Documents\HW_Source\PIC18\CardPOV\1.4\cardpov1_4.asm
              POV_STRING1   0x00080e    program     static C:\Users\George\Documents\HW_Source\PIC18\CardPOV\1.4\pov_table.inc
              POV_STRING2   0x00085a    program     static C:\Users\George\Documents\HW_Source\PIC18\CardPOV\1.4\pov_table.inc
              POV_STRING3   0x0008be    program     static C:\Users\George\Documents\HW_Source\PIC18\CardPOV\1.4\pov_table.inc
                POV_TABLE   0x000800    program     static C:\Users\George\Documents\HW_Source\PIC18\CardPOV\1.4\pov_table.inc
             SCROLL_RIGHT   0x000082    program     static C:\Users\George\Documents\HW_Source\PIC18\CardPOV\1.4\cardpov1_4.asm
              SET_PREVPB1   0x000020    program     static C:\Users\George\Documents\HW_Source\PIC18\CardPOV\1.4\cardpov1_4.asm
                   UPDATE   0x00002a    program     static C:\Users\George\Documents\HW_Source\PIC18\CardPOV\1.4\cardpov1_4.asm



                              Symbols - Sorted by Address
                     Name    Address   Location    Storage File                     
                ---------  ---------  ---------  --------- ---------                
                INTERRUPT   0x000008    program     static C:\Users\George\Documents\HW_Source\PIC18\CardPOV\1.4\cardpov1_4.asm
              SET_PREVPB1   0x000020    program     static C:\Users\George\Documents\HW_Source\PIC18\CardPOV\1.4\cardpov1_4.asm
               NO_BUTTON1   0x000026    program     static C:\Users\George\Documents\HW_Source\PIC18\CardPOV\1.4\cardpov1_4.asm
                   UPDATE   0x00002a    program     static C:\Users\George\Documents\HW_Source\PIC18\CardPOV\1.4\cardpov1_4.asm
                EXIT_TMR0   0x000034    program     static C:\Users\George\Documents\HW_Source\PIC18\CardPOV\1.4\cardpov1_4.asm
               INITIALIZE   0x000036    program     static C:\Users\George\Documents\HW_Source\PIC18\CardPOV\1.4\cardpov1_4.asm
                     MAIN   0x00006a    program     static C:\Users\George\Documents\HW_Source\PIC18\CardPOV\1.4\cardpov1_4.asm
                    MAIN2   0x00007a    program     static C:\Users\George\Documents\HW_Source\PIC18\CardPOV\1.4\cardpov1_4.asm
             SCROLL_RIGHT   0x000082    program     static C:\Users\George\Documents\HW_Source\PIC18\CardPOV\1.4\cardpov1_4.asm
                POV_TABLE   0x000800    program     static C:\Users\George\Documents\HW_Source\PIC18\CardPOV\1.4\pov_table.inc
                END_TABLE   0x00080e    program     static C:\Users\George\Documents\HW_Source\PIC18\CardPOV\1.4\pov_table.inc
              POV_STRING1   0x00080e    program     static C:\Users\George\Documents\HW_Source\PIC18\CardPOV\1.4\pov_table.inc
              POV_STRING2   0x00085a    program     static C:\Users\George\Documents\HW_Source\PIC18\CardPOV\1.4\pov_table.inc
              END_STRING1   0x00085a    program     static C:\Users\George\Documents\HW_Source\PIC18\CardPOV\1.4\pov_table.inc
              POV_STRING3   0x0008be    program     static C:\Users\George\Documents\HW_Source\PIC18\CardPOV\1.4\pov_table.inc
              END_STRING2   0x0008be    program     static C:\Users\George\Documents\HW_Source\PIC18\CardPOV\1.4\pov_table.inc
              END_STRING3   0x000900    program     static C:\Users\George\Documents\HW_Source\PIC18\CardPOV\1.4\pov_table.inc


